

================================================================
== Vitis HLS Report for 'myproject'
================================================================
* Date:           Tue Apr  1 10:52:09 2025

* Version:        2020.1 (Build 2902540 on Wed May 27 20:16:15 MDT 2020)
* Project:        myproject_prj
* Solution:       solution1 (Vivado IP Flow Target)
* Product family: zynq
* Target device:  xc7z020-clg400-1


================================================================
== Performance Estimates
================================================================
+ Timing: 
    * Summary: 
    +--------+---------+----------+------------+
    |  Clock |  Target | Estimated| Uncertainty|
    +--------+---------+----------+------------+
    |ap_clk  | 5.00 ns | 7.289 ns |   1.35 ns  |
    +--------+---------+----------+------------+

+ Latency: 
    * Summary: 
    +---------+---------+----------+----------+-----+-----+----------+
    |  Latency (cycles) |  Latency (absolute) |  Interval | Pipeline |
    |   min   |   max   |    min   |    max   | min | max |   Type   |
    +---------+---------+----------+----------+-----+-----+----------+
    |       79|       79| 0.576 us | 0.576 us |   32|   32| function |
    +---------+---------+----------+----------+-----+-----+----------+

    + Detail: 
        * Instance: 
        +---------------------------------------------------------------------------+-----------------------------------------------------------------+---------+---------+-----------+-----------+-----+-----+----------+
        |                                                                           |                                                                 |  Latency (cycles) |   Latency (absolute)  |  Interval | Pipeline |
        |                                  Instance                                 |                              Module                             |   min   |   max   |    min    |    max    | min | max |   Type   |
        +---------------------------------------------------------------------------+-----------------------------------------------------------------+---------+---------+-----------+-----------+-----+-----+----------+
        |grp_dense_latency_ap_fixed_8_3_5_3_0_ap_fixed_23_13_5_3_0_config2_s_fu_40  |dense_latency_ap_fixed_8_3_5_3_0_ap_fixed_23_13_5_3_0_config2_s  |       38|       38|  0.277 us |  0.277 us |   32|   32| function |
        |grp_softmax_stable_ap_fixed_ap_fixed_8_3_5_3_0_softmax_config11_s_fu_46    |softmax_stable_ap_fixed_ap_fixed_8_3_5_3_0_softmax_config11_s    |       25|       25|  0.182 us |  0.182 us |    5|    5| function |
        |grp_dense_latency_ap_fixed_8_3_5_3_0_ap_fixed_19_9_5_3_0_config10_s_fu_66  |dense_latency_ap_fixed_8_3_5_3_0_ap_fixed_19_9_5_3_0_config10_s  |        4|        4| 29.156 ns | 29.156 ns |    1|    1| function |
        |grp_dense_latency_ap_fixed_8_3_5_3_0_ap_fixed_19_9_5_3_0_config6_s_fu_74   |dense_latency_ap_fixed_8_3_5_3_0_ap_fixed_19_9_5_3_0_config6_s   |        4|        4| 29.156 ns | 29.156 ns |    1|    1| function |
        |grp_relu_ap_fixed_23_13_5_3_0_ap_fixed_8_3_5_3_0_relu_config5_s_fu_82      |relu_ap_fixed_23_13_5_3_0_ap_fixed_8_3_5_3_0_relu_config5_s      |        1|        1|  7.289 ns |  7.289 ns |    1|    1| function |
        |grp_relu_ap_fixed_19_9_5_3_0_ap_fixed_8_3_5_3_0_relu_config9_s_fu_90       |relu_ap_fixed_19_9_5_3_0_ap_fixed_8_3_5_3_0_relu_config9_s       |        1|        1|  7.289 ns |  7.289 ns |    1|    1| function |
        +---------------------------------------------------------------------------+-----------------------------------------------------------------+---------+---------+-----------+-----------+-----+-----+----------+

        * Loop: 
        N/A



================================================================
== Utilization Estimates
================================================================
* Summary: 
+-----------------+---------+-----+--------+-------+-----+
|       Name      | BRAM_18K| DSP |   FF   |  LUT  | URAM|
+-----------------+---------+-----+--------+-------+-----+
|DSP              |        -|    -|       -|      -|    -|
|Expression       |        -|    -|       0|      4|    -|
|FIFO             |        -|    -|       -|      -|    -|
|Instance         |        2|   96|    8784|  11764|    -|
|Memory           |        -|    -|       -|      -|    -|
|Multiplexer      |        -|    -|       -|    167|    -|
|Register         |        -|    -|     268|      -|    -|
+-----------------+---------+-----+--------+-------+-----+
|Total            |        2|   96|    9052|  11935|    0|
+-----------------+---------+-----+--------+-------+-----+
|Available        |      280|  220|  106400|  53200|    0|
+-----------------+---------+-----+--------+-------+-----+
|Utilization (%)  |    ~0   |   43|       8|     22|    0|
+-----------------+---------+-----+--------+-------+-----+

+ Detail: 
    * Instance: 
    +---------------------------------------------------------------------------+-----------------------------------------------------------------+---------+----+------+------+-----+
    |                                  Instance                                 |                              Module                             | BRAM_18K| DSP|  FF  |  LUT | URAM|
    +---------------------------------------------------------------------------+-----------------------------------------------------------------+---------+----+------+------+-----+
    |grp_dense_latency_ap_fixed_8_3_5_3_0_ap_fixed_19_9_5_3_0_config10_s_fu_66  |dense_latency_ap_fixed_8_3_5_3_0_ap_fixed_19_9_5_3_0_config10_s  |        0|  18|  1289|  1165|    0|
    |grp_dense_latency_ap_fixed_8_3_5_3_0_ap_fixed_19_9_5_3_0_config6_s_fu_74   |dense_latency_ap_fixed_8_3_5_3_0_ap_fixed_19_9_5_3_0_config6_s   |        0|  10|   710|   562|    0|
    |grp_dense_latency_ap_fixed_8_3_5_3_0_ap_fixed_23_13_5_3_0_config2_s_fu_40  |dense_latency_ap_fixed_8_3_5_3_0_ap_fixed_23_13_5_3_0_config2_s  |        0|  58|  4830|  7599|    0|
    |grp_relu_ap_fixed_19_9_5_3_0_ap_fixed_8_3_5_3_0_relu_config9_s_fu_90       |relu_ap_fixed_19_9_5_3_0_ap_fixed_8_3_5_3_0_relu_config9_s       |        0|   0|    69|   140|    0|
    |grp_relu_ap_fixed_23_13_5_3_0_ap_fixed_8_3_5_3_0_relu_config5_s_fu_82      |relu_ap_fixed_23_13_5_3_0_ap_fixed_8_3_5_3_0_relu_config5_s      |        0|   0|    69|   140|    0|
    |grp_softmax_stable_ap_fixed_ap_fixed_8_3_5_3_0_softmax_config11_s_fu_46    |softmax_stable_ap_fixed_ap_fixed_8_3_5_3_0_softmax_config11_s    |        2|  10|  1817|  2158|    0|
    +---------------------------------------------------------------------------+-----------------------------------------------------------------+---------+----+------+------+-----+
    |Total                                                                      |                                                                 |        2|  96|  8784| 11764|    0|
    +---------------------------------------------------------------------------+-----------------------------------------------------------------+---------+----+------+------+-----+

    * DSP: 
    N/A

    * Memory: 
    N/A

    * FIFO: 
    N/A

    * Expression: 
    +---------------------------+----------+----+---+----+------------+------------+
    |       Variable Name       | Operation| DSP| FF| LUT| Bitwidth P0| Bitwidth P1|
    +---------------------------+----------+----+---+----+------------+------------+
    |ap_block_pp0_stage0_11001  |    and   |   0|  0|   2|           1|           1|
    |ap_enable_pp0              |    xor   |   0|  0|   2|           1|           2|
    +---------------------------+----------+----+---+----+------------+------------+
    |Total                      |          |   0|  0|   4|           2|           3|
    +---------------------------+----------+----+---+----+------------+------------+

    * Multiplexer: 
    +-------------------------+-----+-----------+-----+-----------+
    |           Name          | LUT | Input Size| Bits| Total Bits|
    +-------------------------+-----+-----------+-----+-----------+
    |ap_NS_fsm                |  149|         33|    1|         33|
    |ap_enable_reg_pp0_iter0  |    9|          2|    1|          2|
    |ap_enable_reg_pp0_iter2  |    9|          2|    1|          2|
    +-------------------------+-----+-----------+-----+-----------+
    |Total                    |  167|         37|    3|         37|
    +-------------------------+-----+-----------+-----+-----------+

    * Register: 
    +--------------------------------------------------------------------------------------+----+----+-----+-----------+
    |                                         Name                                         | FF | LUT| Bits| Const Bits|
    +--------------------------------------------------------------------------------------+----+----+-----+-----------+
    |ap_CS_fsm                                                                             |  32|   0|   32|          0|
    |ap_enable_reg_pp0_iter0_reg                                                           |   1|   0|    1|          0|
    |ap_enable_reg_pp0_iter1                                                               |   1|   0|    1|          0|
    |ap_enable_reg_pp0_iter2                                                               |   1|   0|    1|          0|
    |grp_softmax_stable_ap_fixed_ap_fixed_8_3_5_3_0_softmax_config11_s_fu_46_ap_start_reg  |   1|   0|    1|          0|
    |layer2_out_V_0_reg_212                                                                |  23|   0|   23|          0|
    |layer2_out_V_1_reg_217                                                                |  23|   0|   23|          0|
    |layer2_out_V_2_reg_222                                                                |  23|   0|   23|          0|
    |layer2_out_V_3_reg_227                                                                |  23|   0|   23|          0|
    |layer5_out_V_0_reg_232                                                                |   8|   0|    8|          0|
    |layer5_out_V_1_reg_237                                                                |   8|   0|    8|          0|
    |layer5_out_V_2_reg_242                                                                |   8|   0|    8|          0|
    |layer5_out_V_3_reg_247                                                                |   8|   0|    8|          0|
    |layer6_out_V_0_reg_252                                                                |  19|   0|   19|          0|
    |layer6_out_V_1_reg_257                                                                |  19|   0|   19|          0|
    |layer6_out_V_2_reg_262                                                                |  19|   0|   19|          0|
    |layer6_out_V_3_reg_267                                                                |  19|   0|   19|          0|
    |layer9_out_V_0_reg_272                                                                |   8|   0|    8|          0|
    |layer9_out_V_1_reg_277                                                                |   8|   0|    8|          0|
    |layer9_out_V_2_reg_282                                                                |   8|   0|    8|          0|
    |layer9_out_V_3_reg_287                                                                |   8|   0|    8|          0|
    +--------------------------------------------------------------------------------------+----+----+-----+-----------+
    |Total                                                                                 | 268|   0|  268|          0|
    +--------------------------------------------------------------------------------------+----+----+-----+-----------+



================================================================
== Interface
================================================================
* Summary: 
+----------------------+-----+-----+------------+--------------+--------------+
|       RTL Ports      | Dir | Bits|  Protocol  | Source Object|    C Type    |
+----------------------+-----+-----+------------+--------------+--------------+
|ap_clk                |  in |    1| ap_ctrl_hs |   myproject  | return value |
|ap_rst                |  in |    1| ap_ctrl_hs |   myproject  | return value |
|ap_start              |  in |    1| ap_ctrl_hs |   myproject  | return value |
|ap_done               | out |    1| ap_ctrl_hs |   myproject  | return value |
|ap_idle               | out |    1| ap_ctrl_hs |   myproject  | return value |
|ap_ready              | out |    1| ap_ctrl_hs |   myproject  | return value |
|input_6_address0      | out |    6|  ap_memory |    input_6   |     array    |
|input_6_ce0           | out |    1|  ap_memory |    input_6   |     array    |
|input_6_q0            |  in |    8|  ap_memory |    input_6   |     array    |
|input_6_address1      | out |    6|  ap_memory |    input_6   |     array    |
|input_6_ce1           | out |    1|  ap_memory |    input_6   |     array    |
|input_6_q1            |  in |    8|  ap_memory |    input_6   |     array    |
|layer11_out_address0  | out |    4|  ap_memory |  layer11_out |     array    |
|layer11_out_ce0       | out |    1|  ap_memory |  layer11_out |     array    |
|layer11_out_we0       | out |    1|  ap_memory |  layer11_out |     array    |
|layer11_out_d0        | out |    8|  ap_memory |  layer11_out |     array    |
|layer11_out_address1  | out |    4|  ap_memory |  layer11_out |     array    |
|layer11_out_ce1       | out |    1|  ap_memory |  layer11_out |     array    |
|layer11_out_we1       | out |    1|  ap_memory |  layer11_out |     array    |
|layer11_out_d1        | out |    8|  ap_memory |  layer11_out |     array    |
+----------------------+-----+-----+------------+--------------+--------------+

